// Jest Snapshot v1, https://goo.gl/fbAQLP

exports[`should render expense list with expenses 1`] = `
<div>
  <p>
    Viewing 
    3
     
    expenses
     totaling 
    $1,096.95
  </p>
</div>
`;

exports[`should render expense list with with empty message 1`] = `<div />`;
